CCS PCM C Compiler, Version 5.049, 5967               03-Apr-26 19:17

               Filename:   C:\Users\Vicenzo\Desktop\Escola\info Industrial\pic\31-03\main.lst

               ROM used:   731 words (9%)
                           Largest free fragment is 2048
               RAM used:   9 (2%) at main() level
                           10 (3%) worst case
               Stack used: 0 locations
               Stack size: 8

*
0000:  MOVLW  02
0001:  MOVWF  0A
0002:  GOTO   2A6
0003:  NOP
.................... #include <16F877A.h> 
.................... //////////// Standard Header file for the PIC16F877A device //////////////// 
.................... /////////////////////////////////////////////////////////////////////////// 
.................... ////        (C) Copyright 1996, 2014 Custom Computer Services          //// 
.................... //// This source code may only be used by licensed users of the CCS C  //// 
.................... //// compiler.  This source code may only be distributed to other      //// 
.................... //// licensed users of the CCS C compiler.  No other use, reproduction //// 
.................... //// or distribution is permitted without written permission.          //// 
.................... //// Derivative programs created using this software in object code    //// 
.................... //// form are not restricted in any way.                               //// 
.................... /////////////////////////////////////////////////////////////////////////// 
.................... #device PIC16F877A 
....................  
.................... #list 
....................  
....................  
.................... #device adc=10 
.................... #use delay(crystal=4MHz) 
*
028F:  MOVLW  24
0290:  MOVWF  04
0291:  BCF    03.7
0292:  MOVF   00,W
0293:  BTFSC  03.2
0294:  GOTO   2A3
0295:  MOVLW  01
0296:  MOVWF  78
0297:  CLRF   77
0298:  DECFSZ 77,F
0299:  GOTO   298
029A:  DECFSZ 78,F
029B:  GOTO   297
029C:  MOVLW  4A
029D:  MOVWF  77
029E:  DECFSZ 77,F
029F:  GOTO   29E
02A0:  GOTO   2A1
02A1:  DECFSZ 00,F
02A2:  GOTO   295
02A3:  BCF    0A.3
02A4:  BCF    0A.4
02A5:  GOTO   2D3 (RETURN)
....................  
.................... #FUSES NOPUT, NOBROWNOUT, NOLVP, HS, NOWDT 
....................  
.................... #define LEDA    PIN_C0 
.................... #define LEDB    PIN_C1 
.................... #define LEDC    PIN_C2 
.................... #define LEDD    PIN_C3 
.................... #define LEDE    PIN_C4 
.................... #define LEDF    PIN_C5 
.................... #define LEDG    PIN_C6 
....................  
.................... #define LEDA2    PIN_D0 
.................... #define LEDB2    PIN_D1 
.................... #define LEDC2    PIN_D2 
.................... #define LEDD2    PIN_D3 
.................... #define LEDE2    PIN_D4 
.................... #define LEDF2    PIN_D5 
.................... #define LEDG2    PIN_D6 
....................  
.................... void clearDisplay(int flag){ 
....................  
....................     if(flag) { 
*
0004:  MOVF   23,F
0005:  BTFSC  03.2
0006:  GOTO   032
....................         output_high(LEDA); 
0007:  BCF    20.0
0008:  MOVF   20,W
0009:  BSF    03.5
000A:  MOVWF  07
000B:  BCF    03.5
000C:  BSF    07.0
....................         output_high(LEDB); 
000D:  BCF    20.1
000E:  MOVF   20,W
000F:  BSF    03.5
0010:  MOVWF  07
0011:  BCF    03.5
0012:  BSF    07.1
....................         output_high(LEDC); 
0013:  BCF    20.2
0014:  MOVF   20,W
0015:  BSF    03.5
0016:  MOVWF  07
0017:  BCF    03.5
0018:  BSF    07.2
....................         output_high(LEDD); 
0019:  BCF    20.3
001A:  MOVF   20,W
001B:  BSF    03.5
001C:  MOVWF  07
001D:  BCF    03.5
001E:  BSF    07.3
....................         output_high(LEDE); 
001F:  BCF    20.4
0020:  MOVF   20,W
0021:  BSF    03.5
0022:  MOVWF  07
0023:  BCF    03.5
0024:  BSF    07.4
....................         output_high(LEDF); 
0025:  BCF    20.5
0026:  MOVF   20,W
0027:  BSF    03.5
0028:  MOVWF  07
0029:  BCF    03.5
002A:  BSF    07.5
....................         output_high(LEDG); 
002B:  BCF    20.6
002C:  MOVF   20,W
002D:  BSF    03.5
002E:  MOVWF  07
002F:  BCF    03.5
0030:  BSF    07.6
....................     } else { 
0031:  GOTO   04E
....................         output_high(LEDA2); 
0032:  BSF    03.5
0033:  BCF    08.0
0034:  BCF    03.5
0035:  BSF    08.0
....................         output_high(LEDB2); 
0036:  BSF    03.5
0037:  BCF    08.1
0038:  BCF    03.5
0039:  BSF    08.1
....................         output_high(LEDC2); 
003A:  BSF    03.5
003B:  BCF    08.2
003C:  BCF    03.5
003D:  BSF    08.2
....................         output_high(LEDD2); 
003E:  BSF    03.5
003F:  BCF    08.3
0040:  BCF    03.5
0041:  BSF    08.3
....................         output_high(LEDE2); 
0042:  BSF    03.5
0043:  BCF    08.4
0044:  BCF    03.5
0045:  BSF    08.4
....................         output_high(LEDF2); 
0046:  BSF    03.5
0047:  BCF    08.5
0048:  BCF    03.5
0049:  BSF    08.5
....................         output_high(LEDG2); 
004A:  BSF    03.5
004B:  BCF    08.6
004C:  BCF    03.5
004D:  BSF    08.6
....................     } 
004E:  RETURN
.................... } 
....................  
.................... void choose(int un, int dec) { 
....................     switch (un) 
004F:  MOVF   23,W
0050:  XORLW  00
0051:  BTFSC  03.2
0052:  GOTO   06F
0053:  XORLW  01
0054:  BTFSC  03.2
0055:  GOTO   094
0056:  XORLW  03
0057:  BTFSC  03.2
0058:  GOTO   0A1
0059:  XORLW  01
005A:  BTFSC  03.2
005B:  GOTO   0C0
005C:  XORLW  07
005D:  BTFSC  03.2
005E:  GOTO   0DF
005F:  XORLW  01
0060:  BTFSC  03.2
0061:  GOTO   0F8
0062:  XORLW  03
0063:  BTFSC  03.2
0064:  GOTO   117
0065:  XORLW  01
0066:  BTFSC  03.2
0067:  GOTO   13C
0068:  XORLW  0F
0069:  BTFSC  03.2
006A:  GOTO   14F
006B:  XORLW  01
006C:  BTFSC  03.2
006D:  GOTO   17A
006E:  GOTO   19F
....................     { 
....................     case 0: 
....................         output_low(LEDA); 
006F:  BCF    20.0
0070:  MOVF   20,W
0071:  BSF    03.5
0072:  MOVWF  07
0073:  BCF    03.5
0074:  BCF    07.0
....................         output_low(LEDB); 
0075:  BCF    20.1
0076:  MOVF   20,W
0077:  BSF    03.5
0078:  MOVWF  07
0079:  BCF    03.5
007A:  BCF    07.1
....................         output_low(LEDC); 
007B:  BCF    20.2
007C:  MOVF   20,W
007D:  BSF    03.5
007E:  MOVWF  07
007F:  BCF    03.5
0080:  BCF    07.2
....................         output_low(LEDD); 
0081:  BCF    20.3
0082:  MOVF   20,W
0083:  BSF    03.5
0084:  MOVWF  07
0085:  BCF    03.5
0086:  BCF    07.3
....................         output_low(LEDE); 
0087:  BCF    20.4
0088:  MOVF   20,W
0089:  BSF    03.5
008A:  MOVWF  07
008B:  BCF    03.5
008C:  BCF    07.4
....................         output_low(LEDF); 
008D:  BCF    20.5
008E:  MOVF   20,W
008F:  BSF    03.5
0090:  MOVWF  07
0091:  BCF    03.5
0092:  BCF    07.5
....................         break; 
0093:  GOTO   19F
....................     case 1: 
....................         output_low(LEDB); 
0094:  BCF    20.1
0095:  MOVF   20,W
0096:  BSF    03.5
0097:  MOVWF  07
0098:  BCF    03.5
0099:  BCF    07.1
....................         output_low(LEDC); 
009A:  BCF    20.2
009B:  MOVF   20,W
009C:  BSF    03.5
009D:  MOVWF  07
009E:  BCF    03.5
009F:  BCF    07.2
....................         break; 
00A0:  GOTO   19F
....................     case 2: 
....................         output_low(LEDA); 
00A1:  BCF    20.0
00A2:  MOVF   20,W
00A3:  BSF    03.5
00A4:  MOVWF  07
00A5:  BCF    03.5
00A6:  BCF    07.0
....................         output_low(LEDB); 
00A7:  BCF    20.1
00A8:  MOVF   20,W
00A9:  BSF    03.5
00AA:  MOVWF  07
00AB:  BCF    03.5
00AC:  BCF    07.1
....................         output_low(LEDD); 
00AD:  BCF    20.3
00AE:  MOVF   20,W
00AF:  BSF    03.5
00B0:  MOVWF  07
00B1:  BCF    03.5
00B2:  BCF    07.3
....................         output_low(LEDE); 
00B3:  BCF    20.4
00B4:  MOVF   20,W
00B5:  BSF    03.5
00B6:  MOVWF  07
00B7:  BCF    03.5
00B8:  BCF    07.4
....................         output_low(LEDG); 
00B9:  BCF    20.6
00BA:  MOVF   20,W
00BB:  BSF    03.5
00BC:  MOVWF  07
00BD:  BCF    03.5
00BE:  BCF    07.6
....................         break; 
00BF:  GOTO   19F
....................     case 3: 
....................         output_low(LEDA); 
00C0:  BCF    20.0
00C1:  MOVF   20,W
00C2:  BSF    03.5
00C3:  MOVWF  07
00C4:  BCF    03.5
00C5:  BCF    07.0
....................         output_low(LEDB); 
00C6:  BCF    20.1
00C7:  MOVF   20,W
00C8:  BSF    03.5
00C9:  MOVWF  07
00CA:  BCF    03.5
00CB:  BCF    07.1
....................         output_low(LEDC); 
00CC:  BCF    20.2
00CD:  MOVF   20,W
00CE:  BSF    03.5
00CF:  MOVWF  07
00D0:  BCF    03.5
00D1:  BCF    07.2
....................         output_low(LEDD); 
00D2:  BCF    20.3
00D3:  MOVF   20,W
00D4:  BSF    03.5
00D5:  MOVWF  07
00D6:  BCF    03.5
00D7:  BCF    07.3
....................         output_low(LEDG); 
00D8:  BCF    20.6
00D9:  MOVF   20,W
00DA:  BSF    03.5
00DB:  MOVWF  07
00DC:  BCF    03.5
00DD:  BCF    07.6
....................         break; 
00DE:  GOTO   19F
....................     case 4: 
....................         output_low(LEDB); 
00DF:  BCF    20.1
00E0:  MOVF   20,W
00E1:  BSF    03.5
00E2:  MOVWF  07
00E3:  BCF    03.5
00E4:  BCF    07.1
....................         output_low(LEDC); 
00E5:  BCF    20.2
00E6:  MOVF   20,W
00E7:  BSF    03.5
00E8:  MOVWF  07
00E9:  BCF    03.5
00EA:  BCF    07.2
....................         output_low(LEDF); 
00EB:  BCF    20.5
00EC:  MOVF   20,W
00ED:  BSF    03.5
00EE:  MOVWF  07
00EF:  BCF    03.5
00F0:  BCF    07.5
....................         output_low(LEDG); 
00F1:  BCF    20.6
00F2:  MOVF   20,W
00F3:  BSF    03.5
00F4:  MOVWF  07
00F5:  BCF    03.5
00F6:  BCF    07.6
....................         break; 
00F7:  GOTO   19F
....................     case 5: 
....................         output_low(LEDA); 
00F8:  BCF    20.0
00F9:  MOVF   20,W
00FA:  BSF    03.5
00FB:  MOVWF  07
00FC:  BCF    03.5
00FD:  BCF    07.0
....................         output_low(LEDC); 
00FE:  BCF    20.2
00FF:  MOVF   20,W
0100:  BSF    03.5
0101:  MOVWF  07
0102:  BCF    03.5
0103:  BCF    07.2
....................         output_low(LEDD); 
0104:  BCF    20.3
0105:  MOVF   20,W
0106:  BSF    03.5
0107:  MOVWF  07
0108:  BCF    03.5
0109:  BCF    07.3
....................         output_low(LEDF); 
010A:  BCF    20.5
010B:  MOVF   20,W
010C:  BSF    03.5
010D:  MOVWF  07
010E:  BCF    03.5
010F:  BCF    07.5
....................         output_low(LEDG); 
0110:  BCF    20.6
0111:  MOVF   20,W
0112:  BSF    03.5
0113:  MOVWF  07
0114:  BCF    03.5
0115:  BCF    07.6
....................         break; 
0116:  GOTO   19F
....................     case 6: 
....................         output_low(LEDA); 
0117:  BCF    20.0
0118:  MOVF   20,W
0119:  BSF    03.5
011A:  MOVWF  07
011B:  BCF    03.5
011C:  BCF    07.0
....................         output_low(LEDC); 
011D:  BCF    20.2
011E:  MOVF   20,W
011F:  BSF    03.5
0120:  MOVWF  07
0121:  BCF    03.5
0122:  BCF    07.2
....................         output_low(LEDD); 
0123:  BCF    20.3
0124:  MOVF   20,W
0125:  BSF    03.5
0126:  MOVWF  07
0127:  BCF    03.5
0128:  BCF    07.3
....................         output_low(LEDE); 
0129:  BCF    20.4
012A:  MOVF   20,W
012B:  BSF    03.5
012C:  MOVWF  07
012D:  BCF    03.5
012E:  BCF    07.4
....................         output_low(LEDF); 
012F:  BCF    20.5
0130:  MOVF   20,W
0131:  BSF    03.5
0132:  MOVWF  07
0133:  BCF    03.5
0134:  BCF    07.5
....................         output_low(LEDG); 
0135:  BCF    20.6
0136:  MOVF   20,W
0137:  BSF    03.5
0138:  MOVWF  07
0139:  BCF    03.5
013A:  BCF    07.6
....................         break; 
013B:  GOTO   19F
....................     case 7: 
....................         output_low(LEDA); 
013C:  BCF    20.0
013D:  MOVF   20,W
013E:  BSF    03.5
013F:  MOVWF  07
0140:  BCF    03.5
0141:  BCF    07.0
....................         output_low(LEDB); 
0142:  BCF    20.1
0143:  MOVF   20,W
0144:  BSF    03.5
0145:  MOVWF  07
0146:  BCF    03.5
0147:  BCF    07.1
....................         output_low(LEDC); 
0148:  BCF    20.2
0149:  MOVF   20,W
014A:  BSF    03.5
014B:  MOVWF  07
014C:  BCF    03.5
014D:  BCF    07.2
....................         break; 
014E:  GOTO   19F
....................     case 8: 
....................         output_low(LEDA); 
014F:  BCF    20.0
0150:  MOVF   20,W
0151:  BSF    03.5
0152:  MOVWF  07
0153:  BCF    03.5
0154:  BCF    07.0
....................         output_low(LEDB); 
0155:  BCF    20.1
0156:  MOVF   20,W
0157:  BSF    03.5
0158:  MOVWF  07
0159:  BCF    03.5
015A:  BCF    07.1
....................         output_low(LEDC); 
015B:  BCF    20.2
015C:  MOVF   20,W
015D:  BSF    03.5
015E:  MOVWF  07
015F:  BCF    03.5
0160:  BCF    07.2
....................         output_low(LEDD); 
0161:  BCF    20.3
0162:  MOVF   20,W
0163:  BSF    03.5
0164:  MOVWF  07
0165:  BCF    03.5
0166:  BCF    07.3
....................         output_low(LEDE); 
0167:  BCF    20.4
0168:  MOVF   20,W
0169:  BSF    03.5
016A:  MOVWF  07
016B:  BCF    03.5
016C:  BCF    07.4
....................         output_low(LEDF); 
016D:  BCF    20.5
016E:  MOVF   20,W
016F:  BSF    03.5
0170:  MOVWF  07
0171:  BCF    03.5
0172:  BCF    07.5
....................         output_low(LEDG); 
0173:  BCF    20.6
0174:  MOVF   20,W
0175:  BSF    03.5
0176:  MOVWF  07
0177:  BCF    03.5
0178:  BCF    07.6
....................         break; 
0179:  GOTO   19F
....................     case 9: 
....................         output_low(LEDA); 
017A:  BCF    20.0
017B:  MOVF   20,W
017C:  BSF    03.5
017D:  MOVWF  07
017E:  BCF    03.5
017F:  BCF    07.0
....................         output_low(LEDB); 
0180:  BCF    20.1
0181:  MOVF   20,W
0182:  BSF    03.5
0183:  MOVWF  07
0184:  BCF    03.5
0185:  BCF    07.1
....................         output_low(LEDC); 
0186:  BCF    20.2
0187:  MOVF   20,W
0188:  BSF    03.5
0189:  MOVWF  07
018A:  BCF    03.5
018B:  BCF    07.2
....................         output_low(LEDD); 
018C:  BCF    20.3
018D:  MOVF   20,W
018E:  BSF    03.5
018F:  MOVWF  07
0190:  BCF    03.5
0191:  BCF    07.3
....................         output_low(LEDF); 
0192:  BCF    20.5
0193:  MOVF   20,W
0194:  BSF    03.5
0195:  MOVWF  07
0196:  BCF    03.5
0197:  BCF    07.5
....................         output_low(LEDG); 
0198:  BCF    20.6
0199:  MOVF   20,W
019A:  BSF    03.5
019B:  MOVWF  07
019C:  BCF    03.5
019D:  BCF    07.6
....................         break; 
019E:  GOTO   19F
....................     default: 
....................         break; 
....................     } 
....................  
....................     switch (dec) 
019F:  MOVF   24,W
01A0:  BTFSC  03.2
01A1:  GOTO   1BE
01A2:  XORLW  01
01A3:  BTFSC  03.2
01A4:  GOTO   1D7
01A5:  XORLW  03
01A6:  BTFSC  03.2
01A7:  GOTO   1E0
01A8:  XORLW  01
01A9:  BTFSC  03.2
01AA:  GOTO   1F5
01AB:  XORLW  07
01AC:  BTFSC  03.2
01AD:  GOTO   20A
01AE:  XORLW  01
01AF:  BTFSC  03.2
01B0:  GOTO   21B
01B1:  XORLW  03
01B2:  BTFSC  03.2
01B3:  GOTO   230
01B4:  XORLW  01
01B5:  BTFSC  03.2
01B6:  GOTO   249
01B7:  XORLW  0F
01B8:  BTFSC  03.2
01B9:  GOTO   256
01BA:  XORLW  01
01BB:  BTFSC  03.2
01BC:  GOTO   273
01BD:  GOTO   28C
....................     { 
....................     case 0: 
....................         output_low(LEDA2); 
01BE:  BSF    03.5
01BF:  BCF    08.0
01C0:  BCF    03.5
01C1:  BCF    08.0
....................         output_low(LEDB2); 
01C2:  BSF    03.5
01C3:  BCF    08.1
01C4:  BCF    03.5
01C5:  BCF    08.1
....................         output_low(LEDC2); 
01C6:  BSF    03.5
01C7:  BCF    08.2
01C8:  BCF    03.5
01C9:  BCF    08.2
....................         output_low(LEDD2); 
01CA:  BSF    03.5
01CB:  BCF    08.3
01CC:  BCF    03.5
01CD:  BCF    08.3
....................         output_low(LEDE2); 
01CE:  BSF    03.5
01CF:  BCF    08.4
01D0:  BCF    03.5
01D1:  BCF    08.4
....................         output_low(LEDF2); 
01D2:  BSF    03.5
01D3:  BCF    08.5
01D4:  BCF    03.5
01D5:  BCF    08.5
....................         break; 
01D6:  GOTO   28C
....................     case 1: 
....................         output_low(LEDB2); 
01D7:  BSF    03.5
01D8:  BCF    08.1
01D9:  BCF    03.5
01DA:  BCF    08.1
....................         output_low(LEDC2); 
01DB:  BSF    03.5
01DC:  BCF    08.2
01DD:  BCF    03.5
01DE:  BCF    08.2
....................         break; 
01DF:  GOTO   28C
....................     case 2: 
....................         output_low(LEDA2); 
01E0:  BSF    03.5
01E1:  BCF    08.0
01E2:  BCF    03.5
01E3:  BCF    08.0
....................         output_low(LEDB2); 
01E4:  BSF    03.5
01E5:  BCF    08.1
01E6:  BCF    03.5
01E7:  BCF    08.1
....................         output_low(LEDD2); 
01E8:  BSF    03.5
01E9:  BCF    08.3
01EA:  BCF    03.5
01EB:  BCF    08.3
....................         output_low(LEDE2); 
01EC:  BSF    03.5
01ED:  BCF    08.4
01EE:  BCF    03.5
01EF:  BCF    08.4
....................         output_low(LEDG2); 
01F0:  BSF    03.5
01F1:  BCF    08.6
01F2:  BCF    03.5
01F3:  BCF    08.6
....................         break; 
01F4:  GOTO   28C
....................     case 3: 
....................         output_low(LEDA2); 
01F5:  BSF    03.5
01F6:  BCF    08.0
01F7:  BCF    03.5
01F8:  BCF    08.0
....................         output_low(LEDB2); 
01F9:  BSF    03.5
01FA:  BCF    08.1
01FB:  BCF    03.5
01FC:  BCF    08.1
....................         output_low(LEDC2); 
01FD:  BSF    03.5
01FE:  BCF    08.2
01FF:  BCF    03.5
0200:  BCF    08.2
....................         output_low(LEDD2); 
0201:  BSF    03.5
0202:  BCF    08.3
0203:  BCF    03.5
0204:  BCF    08.3
....................         output_low(LEDG2); 
0205:  BSF    03.5
0206:  BCF    08.6
0207:  BCF    03.5
0208:  BCF    08.6
....................         break; 
0209:  GOTO   28C
....................     case 4: 
....................         output_low(LEDB2); 
020A:  BSF    03.5
020B:  BCF    08.1
020C:  BCF    03.5
020D:  BCF    08.1
....................         output_low(LEDC2); 
020E:  BSF    03.5
020F:  BCF    08.2
0210:  BCF    03.5
0211:  BCF    08.2
....................         output_low(LEDF2); 
0212:  BSF    03.5
0213:  BCF    08.5
0214:  BCF    03.5
0215:  BCF    08.5
....................         output_low(LEDG2); 
0216:  BSF    03.5
0217:  BCF    08.6
0218:  BCF    03.5
0219:  BCF    08.6
....................         break; 
021A:  GOTO   28C
....................     case 5: 
....................         output_low(LEDA2); 
021B:  BSF    03.5
021C:  BCF    08.0
021D:  BCF    03.5
021E:  BCF    08.0
....................         output_low(LEDC2); 
021F:  BSF    03.5
0220:  BCF    08.2
0221:  BCF    03.5
0222:  BCF    08.2
....................         output_low(LEDD2); 
0223:  BSF    03.5
0224:  BCF    08.3
0225:  BCF    03.5
0226:  BCF    08.3
....................         output_low(LEDF2); 
0227:  BSF    03.5
0228:  BCF    08.5
0229:  BCF    03.5
022A:  BCF    08.5
....................         output_low(LEDG2); 
022B:  BSF    03.5
022C:  BCF    08.6
022D:  BCF    03.5
022E:  BCF    08.6
....................         break; 
022F:  GOTO   28C
....................     case 6: 
....................         output_low(LEDA2); 
0230:  BSF    03.5
0231:  BCF    08.0
0232:  BCF    03.5
0233:  BCF    08.0
....................         output_low(LEDC2); 
0234:  BSF    03.5
0235:  BCF    08.2
0236:  BCF    03.5
0237:  BCF    08.2
....................         output_low(LEDD2); 
0238:  BSF    03.5
0239:  BCF    08.3
023A:  BCF    03.5
023B:  BCF    08.3
....................         output_low(LEDE2); 
023C:  BSF    03.5
023D:  BCF    08.4
023E:  BCF    03.5
023F:  BCF    08.4
....................         output_low(LEDF2); 
0240:  BSF    03.5
0241:  BCF    08.5
0242:  BCF    03.5
0243:  BCF    08.5
....................         output_low(LEDG2); 
0244:  BSF    03.5
0245:  BCF    08.6
0246:  BCF    03.5
0247:  BCF    08.6
....................         break; 
0248:  GOTO   28C
....................     case 7: 
....................         output_low(LEDA2); 
0249:  BSF    03.5
024A:  BCF    08.0
024B:  BCF    03.5
024C:  BCF    08.0
....................         output_low(LEDB2); 
024D:  BSF    03.5
024E:  BCF    08.1
024F:  BCF    03.5
0250:  BCF    08.1
....................         output_low(LEDC2); 
0251:  BSF    03.5
0252:  BCF    08.2
0253:  BCF    03.5
0254:  BCF    08.2
....................         break; 
0255:  GOTO   28C
....................     case 8: 
....................         output_low(LEDA2); 
0256:  BSF    03.5
0257:  BCF    08.0
0258:  BCF    03.5
0259:  BCF    08.0
....................         output_low(LEDB2); 
025A:  BSF    03.5
025B:  BCF    08.1
025C:  BCF    03.5
025D:  BCF    08.1
....................         output_low(LEDC2); 
025E:  BSF    03.5
025F:  BCF    08.2
0260:  BCF    03.5
0261:  BCF    08.2
....................         output_low(LEDD2); 
0262:  BSF    03.5
0263:  BCF    08.3
0264:  BCF    03.5
0265:  BCF    08.3
....................         output_low(LEDE2); 
0266:  BSF    03.5
0267:  BCF    08.4
0268:  BCF    03.5
0269:  BCF    08.4
....................         output_low(LEDF2); 
026A:  BSF    03.5
026B:  BCF    08.5
026C:  BCF    03.5
026D:  BCF    08.5
....................         output_low(LEDG2); 
026E:  BSF    03.5
026F:  BCF    08.6
0270:  BCF    03.5
0271:  BCF    08.6
....................         break; 
0272:  GOTO   28C
....................     case 9: 
....................         output_low(LEDA2); 
0273:  BSF    03.5
0274:  BCF    08.0
0275:  BCF    03.5
0276:  BCF    08.0
....................         output_low(LEDB2); 
0277:  BSF    03.5
0278:  BCF    08.1
0279:  BCF    03.5
027A:  BCF    08.1
....................         output_low(LEDC2); 
027B:  BSF    03.5
027C:  BCF    08.2
027D:  BCF    03.5
027E:  BCF    08.2
....................         output_low(LEDD2); 
027F:  BSF    03.5
0280:  BCF    08.3
0281:  BCF    03.5
0282:  BCF    08.3
....................         output_low(LEDF2); 
0283:  BSF    03.5
0284:  BCF    08.5
0285:  BCF    03.5
0286:  BCF    08.5
....................         output_low(LEDG2); 
0287:  BSF    03.5
0288:  BCF    08.6
0289:  BCF    03.5
028A:  BCF    08.6
....................         break; 
028B:  GOTO   28C
....................     default: 
....................         break; 
....................     } 
028C:  BCF    0A.3
028D:  BCF    0A.4
028E:  GOTO   2CE (RETURN)
.................... } 
....................  
.................... void main() 
*
02A6:  MOVF   03,W
02A7:  ANDLW  1F
02A8:  MOVWF  03
02A9:  MOVLW  FF
02AA:  MOVWF  20
02AB:  BSF    03.5
02AC:  BSF    1F.0
02AD:  BSF    1F.1
02AE:  BSF    1F.2
02AF:  BCF    1F.3
02B0:  MOVLW  07
02B1:  MOVWF  1C
02B2:  BCF    03.7
.................... { 
....................     output_low(PIN_B4); 
02B3:  BCF    06.4
02B4:  BCF    03.5
02B5:  BCF    06.4
....................     output_low(PIN_B5); 
02B6:  BSF    03.5
02B7:  BCF    06.5
02B8:  BCF    03.5
02B9:  BCF    06.5
....................  
....................     while(1) 
....................     { 
....................         for (int i = 0; i < 10; i++) 
02BA:  CLRF   21
02BB:  MOVF   21,W
02BC:  SUBLW  09
02BD:  BTFSS  03.0
02BE:  GOTO   2D9
....................         { 
....................             for (int j = 0; j < 10; j++) 
02BF:  CLRF   22
02C0:  MOVF   22,W
02C1:  SUBLW  09
02C2:  BTFSS  03.0
02C3:  GOTO   2D7
....................             { 
....................                 clearDisplay(1); 
02C4:  MOVLW  01
02C5:  MOVWF  23
02C6:  CALL   004
....................                 clearDisplay(0); 
02C7:  CLRF   23
02C8:  CALL   004
....................                 choose(j, i); 
02C9:  MOVF   22,W
02CA:  MOVWF  23
02CB:  MOVF   21,W
02CC:  MOVWF  24
02CD:  GOTO   04F
....................                 delay_ms(500); 
02CE:  MOVLW  02
02CF:  MOVWF  23
02D0:  MOVLW  FA
02D1:  MOVWF  24
02D2:  GOTO   28F
02D3:  DECFSZ 23,F
02D4:  GOTO   2D0
02D5:  INCF   22,F
02D6:  GOTO   2C0
....................             } 
02D7:  INCF   21,F
02D8:  GOTO   2BB
....................         } 
02D9:  GOTO   2BA
....................     } 
.................... } 
02DA:  SLEEP

Configuration Fuses:
   Word  1: 2F0A   HS NOWDT NOPUT NOBROWNOUT NOLVP NOCPD NOWRT NODEBUG NOPROTECT
