CCS PCM C Compiler, Version 5.049, 5967               15-Apr-26 15:21

               Filename:   C:\Users\Vicenzo\Desktop\Escola\info Industrial\pic\14-04\main.lst

               ROM used:   573 words (7%)
                           Largest free fragment is 2048
               RAM used:   11 (3%) at main() level
                           23 (6%) worst case
               Stack used: 2 locations
               Stack size: 8

*
0000:  MOVLW  02
0001:  MOVWF  0A
0002:  GOTO   21A
0003:  NOP
.................... #include <16F877A.h> 
.................... //////////// Standard Header file for the PIC16F877A device //////////////// 
.................... /////////////////////////////////////////////////////////////////////////// 
.................... ////        (C) Copyright 1996, 2014 Custom Computer Services          //// 
.................... //// This source code may only be used by licensed users of the CCS C  //// 
.................... //// compiler.  This source code may only be distributed to other      //// 
.................... //// licensed users of the CCS C compiler.  No other use, reproduction //// 
.................... //// or distribution is permitted without written permission.          //// 
.................... //// Derivative programs created using this software in object code    //// 
.................... //// form are not restricted in any way.                               //// 
.................... /////////////////////////////////////////////////////////////////////////// 
.................... #device PIC16F877A 
*
0065:  MOVF   30,W
0066:  CLRF   78
0067:  SUBWF  2F,W
0068:  BTFSC  03.0
0069:  GOTO   06D
006A:  MOVF   2F,W
006B:  MOVWF  77
006C:  GOTO   079
006D:  CLRF   77
006E:  MOVLW  08
006F:  MOVWF  31
0070:  RLF    2F,F
0071:  RLF    77,F
0072:  MOVF   30,W
0073:  SUBWF  77,W
0074:  BTFSC  03.0
0075:  MOVWF  77
0076:  RLF    78,F
0077:  DECFSZ 31,F
0078:  GOTO   070
0079:  RETURN
....................  
.................... #list 
....................  
.................... #device adc=10 
.................... #use delay(crystal=4MHz) 
*
0021:  MOVLW  2F
0022:  MOVWF  04
0023:  BCF    03.7
0024:  MOVF   00,W
0025:  BTFSC  03.2
0026:  GOTO   035
0027:  MOVLW  01
0028:  MOVWF  78
0029:  CLRF   77
002A:  DECFSZ 77,F
002B:  GOTO   02A
002C:  DECFSZ 78,F
002D:  GOTO   029
002E:  MOVLW  4A
002F:  MOVWF  77
0030:  DECFSZ 77,F
0031:  GOTO   030
0032:  GOTO   033
0033:  DECFSZ 00,F
0034:  GOTO   027
0035:  RETURN
.................... #FUSES NOPUT, NOBROWNOUT, NOLVP, HS, NOWDT 
....................  
.................... #define LEDA    PIN_B1 
.................... #define LEDB    PIN_B0 
.................... #define LEDC    PIN_B6 
.................... #define LEDD    PIN_B5 
.................... #define LEDE    PIN_B4 
.................... #define LEDF    PIN_B3 
.................... #define LEDG    PIN_B2 
.................... #define LEDPT   PIN_B7 
....................  
.................... #define ACT1    PIN_C7 
.................... #define ACT2    PIN_C6     
.................... #define ACT3    PIN_C5 
.................... #define ACT4    PIN_C4 
.................... #define ACT5    PIN_D2 
.................... #define ACT6    PIN_D3 
....................  
.................... void clearDisplay() { 
....................     output_high(LEDA);  
*
0004:  BSF    03.5
0005:  BCF    06.1
0006:  BCF    03.5
0007:  BSF    06.1
....................     output_high(LEDB);  
0008:  BSF    03.5
0009:  BCF    06.0
000A:  BCF    03.5
000B:  BSF    06.0
....................     output_high(LEDC); 
000C:  BSF    03.5
000D:  BCF    06.6
000E:  BCF    03.5
000F:  BSF    06.6
....................     output_high(LEDD);  
0010:  BSF    03.5
0011:  BCF    06.5
0012:  BCF    03.5
0013:  BSF    06.5
....................     output_high(LEDE);  
0014:  BSF    03.5
0015:  BCF    06.4
0016:  BCF    03.5
0017:  BSF    06.4
....................     output_high(LEDF); 
0018:  BSF    03.5
0019:  BCF    06.3
001A:  BCF    03.5
001B:  BSF    06.3
....................     output_high(LEDG); 
001C:  BSF    03.5
001D:  BCF    06.2
001E:  BCF    03.5
001F:  BSF    06.2
0020:  RETURN
.................... } 
....................  
.................... void display1() {  
....................     output_low(LEDB);  
*
00B3:  BSF    03.5
00B4:  BCF    06.0
00B5:  BCF    03.5
00B6:  BCF    06.0
....................     output_low(LEDC);  
00B7:  BSF    03.5
00B8:  BCF    06.6
00B9:  BCF    03.5
00BA:  BCF    06.6
.................... } 
.................... void display2() {  
....................     output_low(LEDD);  
*
00BC:  BSF    03.5
00BD:  BCF    06.5
00BE:  BCF    03.5
00BF:  BCF    06.5
....................     output_low(LEDE);  
00C0:  BSF    03.5
00C1:  BCF    06.4
00C2:  BCF    03.5
00C3:  BCF    06.4
....................     output_low(LEDG);  
00C4:  BSF    03.5
00C5:  BCF    06.2
00C6:  BCF    03.5
00C7:  BCF    06.2
....................     output_low(LEDB);  
00C8:  BSF    03.5
00C9:  BCF    06.0
00CA:  BCF    03.5
00CB:  BCF    06.0
....................     output_low(LEDA);  
00CC:  BSF    03.5
00CD:  BCF    06.1
00CE:  BCF    03.5
00CF:  BCF    06.1
.................... } 
.................... void display3() {  
....................     output_low(LEDA);  
*
00D1:  BSF    03.5
00D2:  BCF    06.1
00D3:  BCF    03.5
00D4:  BCF    06.1
....................     output_low(LEDB);  
00D5:  BSF    03.5
00D6:  BCF    06.0
00D7:  BCF    03.5
00D8:  BCF    06.0
....................     output_low(LEDG);  
00D9:  BSF    03.5
00DA:  BCF    06.2
00DB:  BCF    03.5
00DC:  BCF    06.2
....................     output_low(LEDC);  
00DD:  BSF    03.5
00DE:  BCF    06.6
00DF:  BCF    03.5
00E0:  BCF    06.6
....................     output_low(LEDD);  
00E1:  BSF    03.5
00E2:  BCF    06.5
00E3:  BCF    03.5
00E4:  BCF    06.5
.................... } 
.................... void display4() {  
....................     output_low(LEDC);  
*
00E6:  BSF    03.5
00E7:  BCF    06.6
00E8:  BCF    03.5
00E9:  BCF    06.6
....................     output_low(LEDG);  
00EA:  BSF    03.5
00EB:  BCF    06.2
00EC:  BCF    03.5
00ED:  BCF    06.2
....................     output_low(LEDF);  
00EE:  BSF    03.5
00EF:  BCF    06.3
00F0:  BCF    03.5
00F1:  BCF    06.3
....................     output_low(LEDB);  
00F2:  BSF    03.5
00F3:  BCF    06.0
00F4:  BCF    03.5
00F5:  BCF    06.0
.................... } 
.................... void display5() {  
....................     output_low(LEDA);  
*
00F7:  BSF    03.5
00F8:  BCF    06.1
00F9:  BCF    03.5
00FA:  BCF    06.1
....................     output_low(LEDF);  
00FB:  BSF    03.5
00FC:  BCF    06.3
00FD:  BCF    03.5
00FE:  BCF    06.3
....................     output_low(LEDG);  
00FF:  BSF    03.5
0100:  BCF    06.2
0101:  BCF    03.5
0102:  BCF    06.2
....................     output_low(LEDC);  
0103:  BSF    03.5
0104:  BCF    06.6
0105:  BCF    03.5
0106:  BCF    06.6
....................     output_low(LEDD);  
0107:  BSF    03.5
0108:  BCF    06.5
0109:  BCF    03.5
010A:  BCF    06.5
.................... } 
.................... void display6() {  
....................     output_low(LEDA);  
*
010C:  BSF    03.5
010D:  BCF    06.1
010E:  BCF    03.5
010F:  BCF    06.1
....................     output_low(LEDF);  
0110:  BSF    03.5
0111:  BCF    06.3
0112:  BCF    03.5
0113:  BCF    06.3
....................     output_low(LEDG);  
0114:  BSF    03.5
0115:  BCF    06.2
0116:  BCF    03.5
0117:  BCF    06.2
....................     output_low(LEDC);  
0118:  BSF    03.5
0119:  BCF    06.6
011A:  BCF    03.5
011B:  BCF    06.6
....................     output_low(LEDD);  
011C:  BSF    03.5
011D:  BCF    06.5
011E:  BCF    03.5
011F:  BCF    06.5
....................     output_low(LEDE);  
0120:  BSF    03.5
0121:  BCF    06.4
0122:  BCF    03.5
0123:  BCF    06.4
.................... } 
.................... void display7() {  
....................     output_low(LEDA);  
*
0125:  BSF    03.5
0126:  BCF    06.1
0127:  BCF    03.5
0128:  BCF    06.1
....................     output_low(LEDB);  
0129:  BSF    03.5
012A:  BCF    06.0
012B:  BCF    03.5
012C:  BCF    06.0
....................     output_low(LEDC);  
012D:  BSF    03.5
012E:  BCF    06.6
012F:  BCF    03.5
0130:  BCF    06.6
.................... } 
.................... void display8() {  
....................     output_low(LEDA);  
*
0132:  BSF    03.5
0133:  BCF    06.1
0134:  BCF    03.5
0135:  BCF    06.1
....................     output_low(LEDF);  
0136:  BSF    03.5
0137:  BCF    06.3
0138:  BCF    03.5
0139:  BCF    06.3
....................     output_low(LEDG);  
013A:  BSF    03.5
013B:  BCF    06.2
013C:  BCF    03.5
013D:  BCF    06.2
....................     output_low(LEDC);  
013E:  BSF    03.5
013F:  BCF    06.6
0140:  BCF    03.5
0141:  BCF    06.6
....................     output_low(LEDD);  
0142:  BSF    03.5
0143:  BCF    06.5
0144:  BCF    03.5
0145:  BCF    06.5
....................     output_low(LEDE);  
0146:  BSF    03.5
0147:  BCF    06.4
0148:  BCF    03.5
0149:  BCF    06.4
....................     output_low(LEDB);  
014A:  BSF    03.5
014B:  BCF    06.0
014C:  BCF    03.5
014D:  BCF    06.0
.................... } 
.................... void display9() {  
....................     output_low(LEDA);  
*
014F:  BSF    03.5
0150:  BCF    06.1
0151:  BCF    03.5
0152:  BCF    06.1
....................     output_low(LEDF);  
0153:  BSF    03.5
0154:  BCF    06.3
0155:  BCF    03.5
0156:  BCF    06.3
....................     output_low(LEDG);  
0157:  BSF    03.5
0158:  BCF    06.2
0159:  BCF    03.5
015A:  BCF    06.2
....................     output_low(LEDC);  
015B:  BSF    03.5
015C:  BCF    06.6
015D:  BCF    03.5
015E:  BCF    06.6
....................     output_low(LEDD);  
015F:  BSF    03.5
0160:  BCF    06.5
0161:  BCF    03.5
0162:  BCF    06.5
....................     output_low(LEDB);  
0163:  BSF    03.5
0164:  BCF    06.0
0165:  BCF    03.5
0166:  BCF    06.0
.................... } 
.................... void display0() {  
....................     output_low(LEDF);  
*
009A:  BSF    03.5
009B:  BCF    06.3
009C:  BCF    03.5
009D:  BCF    06.3
....................     output_low(LEDE);  
009E:  BSF    03.5
009F:  BCF    06.4
00A0:  BCF    03.5
00A1:  BCF    06.4
....................     output_low(LEDD);  
00A2:  BSF    03.5
00A3:  BCF    06.5
00A4:  BCF    03.5
00A5:  BCF    06.5
....................     output_low(LEDC);  
00A6:  BSF    03.5
00A7:  BCF    06.6
00A8:  BCF    03.5
00A9:  BCF    06.6
....................     output_low(LEDB);  
00AA:  BSF    03.5
00AB:  BCF    06.0
00AC:  BCF    03.5
00AD:  BCF    06.0
....................     output_low(LEDA);  
00AE:  BSF    03.5
00AF:  BCF    06.1
00B0:  BCF    03.5
00B1:  BCF    06.1
.................... } 
....................  
.................... void choose(int num) { 
....................     clearDisplay(); 
*
007A:  CALL   004
....................     switch (num) { 
007B:  MOVF   2F,W
007C:  BTFSC  03.2
007D:  GOTO   09A
007E:  XORLW  01
007F:  BTFSC  03.2
0080:  GOTO   0B3
0081:  XORLW  03
0082:  BTFSC  03.2
0083:  GOTO   0BC
0084:  XORLW  01
0085:  BTFSC  03.2
0086:  GOTO   0D1
0087:  XORLW  07
0088:  BTFSC  03.2
0089:  GOTO   0E6
008A:  XORLW  01
008B:  BTFSC  03.2
008C:  GOTO   0F7
008D:  XORLW  03
008E:  BTFSC  03.2
008F:  GOTO   10C
0090:  XORLW  01
0091:  BTFSC  03.2
0092:  GOTO   125
0093:  XORLW  0F
0094:  BTFSC  03.2
0095:  GOTO   132
0096:  XORLW  01
0097:  BTFSC  03.2
0098:  GOTO   14F
0099:  GOTO   168
....................         case 0: display0(); break; 
*
00B2:  GOTO   168
....................         case 1: display1(); break; 
*
00BB:  GOTO   168
....................         case 2: display2(); break; 
*
00D0:  GOTO   168
....................         case 3: display3(); break; 
*
00E5:  GOTO   168
....................         case 4: display4(); break; 
*
00F6:  GOTO   168
....................         case 5: display5(); break; 
*
010B:  GOTO   168
....................         case 6: display6(); break; 
*
0124:  GOTO   168
....................         case 7: display7(); break; 
*
0131:  GOTO   168
....................         case 8: display8(); break; 
*
014E:  GOTO   168
....................         case 9: display9(); break; 
*
0167:  GOTO   168
....................         default: break; 
....................     } 
0168:  RETURN
.................... } 
....................  
.................... void displayRefresh(int h, int m, int s) { 
....................     output_high(ACT1); 
0169:  BCF    20.7
016A:  MOVF   20,W
016B:  BSF    03.5
016C:  MOVWF  07
016D:  BCF    03.5
016E:  BSF    07.7
....................     output_high(ACT2);  
016F:  BCF    20.6
0170:  MOVF   20,W
0171:  BSF    03.5
0172:  MOVWF  07
0173:  BCF    03.5
0174:  BSF    07.6
....................     output_high(ACT3); 
0175:  BCF    20.5
0176:  MOVF   20,W
0177:  BSF    03.5
0178:  MOVWF  07
0179:  BCF    03.5
017A:  BSF    07.5
....................     output_high(ACT4);  
017B:  BCF    20.4
017C:  MOVF   20,W
017D:  BSF    03.5
017E:  MOVWF  07
017F:  BCF    03.5
0180:  BSF    07.4
....................     output_high(ACT5);  
0181:  BSF    03.5
0182:  BCF    08.2
0183:  BCF    03.5
0184:  BSF    08.2
....................     output_high(ACT6); 
0185:  BSF    03.5
0186:  BCF    08.3
0187:  BCF    03.5
0188:  BSF    08.3
....................  
....................     int horaDez = h / 10; 
....................     int horaUnd = h % 10; 
....................     int minDez  = m / 10; 
....................     int minUnd  = m % 10; 
....................     int segDez  = s / 10; 
....................     int segUnd  = s % 10; 
0189:  MOVF   26,W
018A:  MOVWF  2F
018B:  MOVLW  0A
018C:  MOVWF  30
018D:  CALL   065
018E:  MOVF   78,W
018F:  MOVWF  29
0190:  MOVF   26,W
0191:  MOVWF  2F
0192:  MOVLW  0A
0193:  MOVWF  30
0194:  CALL   065
0195:  MOVF   77,W
0196:  MOVWF  2A
0197:  MOVF   27,W
0198:  MOVWF  2F
0199:  MOVLW  0A
019A:  MOVWF  30
019B:  CALL   065
019C:  MOVF   78,W
019D:  MOVWF  2B
019E:  MOVF   27,W
019F:  MOVWF  2F
01A0:  MOVLW  0A
01A1:  MOVWF  30
01A2:  CALL   065
01A3:  MOVF   77,W
01A4:  MOVWF  2C
01A5:  MOVF   28,W
01A6:  MOVWF  2F
01A7:  MOVLW  0A
01A8:  MOVWF  30
01A9:  CALL   065
01AA:  MOVF   78,W
01AB:  MOVWF  2D
01AC:  MOVF   28,W
01AD:  MOVWF  2F
01AE:  MOVLW  0A
01AF:  MOVWF  30
01B0:  CALL   065
01B1:  MOVF   77,W
01B2:  MOVWF  2E
....................  
....................      
....................     output_low(ACT1); // horaDez 
01B3:  BCF    20.7
01B4:  MOVF   20,W
01B5:  BSF    03.5
01B6:  MOVWF  07
01B7:  BCF    03.5
01B8:  BCF    07.7
....................     choose(horaDez); 
01B9:  MOVF   29,W
01BA:  MOVWF  2F
01BB:  CALL   07A
....................     delay_ms(5);  
01BC:  MOVLW  05
01BD:  MOVWF  2F
01BE:  CALL   021
....................     output_high(ACT1); 
01BF:  BCF    20.7
01C0:  MOVF   20,W
01C1:  BSF    03.5
01C2:  MOVWF  07
01C3:  BCF    03.5
01C4:  BSF    07.7
....................  
....................     output_low(ACT2); // horaUnd 
01C5:  BCF    20.6
01C6:  MOVF   20,W
01C7:  BSF    03.5
01C8:  MOVWF  07
01C9:  BCF    03.5
01CA:  BCF    07.6
....................     choose(horaUnd);  
01CB:  MOVF   2A,W
01CC:  MOVWF  2F
01CD:  CALL   07A
....................     delay_ms(5);  
01CE:  MOVLW  05
01CF:  MOVWF  2F
01D0:  CALL   021
....................     output_high(ACT2); 
01D1:  BCF    20.6
01D2:  MOVF   20,W
01D3:  BSF    03.5
01D4:  MOVWF  07
01D5:  BCF    03.5
01D6:  BSF    07.6
....................  
....................     output_low(ACT3); // minDez 
01D7:  BCF    20.5
01D8:  MOVF   20,W
01D9:  BSF    03.5
01DA:  MOVWF  07
01DB:  BCF    03.5
01DC:  BCF    07.5
....................     choose(minDez);   
01DD:  MOVF   2B,W
01DE:  MOVWF  2F
01DF:  CALL   07A
....................     delay_ms(5);  
01E0:  MOVLW  05
01E1:  MOVWF  2F
01E2:  CALL   021
....................     output_high(ACT3); 
01E3:  BCF    20.5
01E4:  MOVF   20,W
01E5:  BSF    03.5
01E6:  MOVWF  07
01E7:  BCF    03.5
01E8:  BSF    07.5
....................  
....................     output_low(ACT4); // minUnd 
01E9:  BCF    20.4
01EA:  MOVF   20,W
01EB:  BSF    03.5
01EC:  MOVWF  07
01ED:  BCF    03.5
01EE:  BCF    07.4
....................     choose(minUnd);   
01EF:  MOVF   2C,W
01F0:  MOVWF  2F
01F1:  CALL   07A
....................     delay_ms(5);  
01F2:  MOVLW  05
01F3:  MOVWF  2F
01F4:  CALL   021
....................     output_high(ACT4); 
01F5:  BCF    20.4
01F6:  MOVF   20,W
01F7:  BSF    03.5
01F8:  MOVWF  07
01F9:  BCF    03.5
01FA:  BSF    07.4
....................  
....................     output_low(ACT5); // segDez 
01FB:  BSF    03.5
01FC:  BCF    08.2
01FD:  BCF    03.5
01FE:  BCF    08.2
....................     choose(segDez);   
01FF:  MOVF   2D,W
0200:  MOVWF  2F
0201:  CALL   07A
....................     delay_ms(5);  
0202:  MOVLW  05
0203:  MOVWF  2F
0204:  CALL   021
....................     output_high(ACT5); 
0205:  BSF    03.5
0206:  BCF    08.2
0207:  BCF    03.5
0208:  BSF    08.2
....................  
....................     output_low(ACT6); //segUnd 
0209:  BSF    03.5
020A:  BCF    08.3
020B:  BCF    03.5
020C:  BCF    08.3
....................     choose(segUnd);   
020D:  MOVF   2E,W
020E:  MOVWF  2F
020F:  CALL   07A
....................     delay_ms(5);  
0210:  MOVLW  05
0211:  MOVWF  2F
0212:  CALL   021
....................     output_high(ACT6); 
0213:  BSF    03.5
0214:  BCF    08.3
0215:  BCF    03.5
0216:  BSF    08.3
0217:  BCF    0A.3
0218:  BCF    0A.4
0219:  GOTO   235 (RETURN)
.................... } 
....................  
.................... void testes() { 
....................     clearDisplay(); 
*
0036:  CALL   004
....................     output_low(LEDA);  
0037:  BSF    03.5
0038:  BCF    06.1
0039:  BCF    03.5
003A:  BCF    06.1
....................     output_low(LEDB);  
003B:  BSF    03.5
003C:  BCF    06.0
003D:  BCF    03.5
003E:  BCF    06.0
....................     output_low(LEDC); 
003F:  BSF    03.5
0040:  BCF    06.6
0041:  BCF    03.5
0042:  BCF    06.6
....................     output_low(LEDD);  
0043:  BSF    03.5
0044:  BCF    06.5
0045:  BCF    03.5
0046:  BCF    06.5
....................     output_low(LEDE);  
0047:  BSF    03.5
0048:  BCF    06.4
0049:  BCF    03.5
004A:  BCF    06.4
....................     output_low(LEDF);  
004B:  BSF    03.5
004C:  BCF    06.3
004D:  BCF    03.5
004E:  BCF    06.3
....................     output_low(LEDG); 
004F:  BSF    03.5
0050:  BCF    06.2
0051:  BCF    03.5
0052:  BCF    06.2
....................     delay_ms(500); 
0053:  MOVLW  02
0054:  MOVWF  26
0055:  MOVLW  FA
0056:  MOVWF  2F
0057:  CALL   021
0058:  DECFSZ 26,F
0059:  GOTO   055
....................     clearDisplay(); 
005A:  CALL   004
....................     delay_ms(500); 
005B:  MOVLW  02
005C:  MOVWF  26
005D:  MOVLW  FA
005E:  MOVWF  2F
005F:  CALL   021
0060:  DECFSZ 26,F
0061:  GOTO   05D
0062:  BCF    0A.3
0063:  BCF    0A.4
0064:  GOTO   22E (RETURN)
.................... } 
....................  
.................... void main() { 
*
021A:  MOVF   03,W
021B:  ANDLW  1F
021C:  MOVWF  03
021D:  MOVLW  FF
021E:  MOVWF  20
021F:  BSF    03.5
0220:  BSF    1F.0
0221:  BSF    1F.1
0222:  BSF    1F.2
0223:  BCF    1F.3
0224:  MOVLW  07
0225:  MOVWF  1C
0226:  BCF    03.7
0227:  BCF    03.5
0228:  CLRF   21
0229:  CLRF   22
022A:  CLRF   23
022B:  CLRF   25
022C:  CLRF   24
....................     int hours = 0; 
....................     int minutes = 0; 
....................     int seconds = 0; 
....................     long acc = 0; 
....................  
....................     testes(); 
022D:  GOTO   036
....................  
....................     while(1) { 
....................         displayRefresh(hours, minutes, seconds); 
022E:  MOVF   21,W
022F:  MOVWF  26
0230:  MOVF   22,W
0231:  MOVWF  27
0232:  MOVF   23,W
0233:  MOVWF  28
0234:  GOTO   169
....................  
....................         acc += 31204; 
0235:  MOVLW  E4
0236:  ADDWF  24,F
0237:  MOVLW  79
0238:  BTFSC  03.0
0239:  MOVLW  7A
023A:  ADDWF  25,F
....................  
....................         if(acc >= 1000000L) { 
....................             acc -= 1000000L; 
....................             seconds++; 
....................             if(seconds >= 60) { 
....................                 seconds = 0; 
....................                 minutes++; 
....................                 if(minutes >= 60) { 
....................                     minutes = 0; 
....................                     hours++; 
....................                     if(hours >= 24) hours = 0; 
....................                 } 
....................             } 
....................         } 
023B:  GOTO   22E
....................     } 
.................... } 
023C:  SLEEP

Configuration Fuses:
   Word  1: 2F0A   HS NOWDT NOPUT NOBROWNOUT NOLVP NOCPD NOWRT NODEBUG NOPROTECT
